
[1m[46m RUN [49m[22m [36mv3.2.4 [39m[90mC:/Users/migue/Documents/Code/idlerpg-generations[39m

 [31mΓ¥»[39m tests/scaling-logic.test.ts [2m([22m[2m5 tests[22m[2m | [22m[31m1 failed[39m[2m)[22m[32m 10[2mms[22m[39m
   [32mΓ£ô[39m Scaling and Upgrade Logic[2m > [22mLoot Generation Stat Floor[2m > [22mshould generate higher base stats for higher level items[32m 2[2mms[22m[39m
   [32mΓ£ô[39m Scaling and Upgrade Logic[2m > [22mMarket Price Scaling[2m > [22mshould increase shop prices with player level[32m 1[2mms[22m[39m
[31m   [31m├ù[31m Scaling and Upgrade Logic[2m > [22mForge Cost Scaling[2m > [22mshould increase forge costs with character level[39m[32m 4[2mms[22m[39m
[31m     ΓåÆ expected 535 to be greater than 688[39m
   [32mΓ£ô[39m Scaling and Upgrade Logic[2m > [22mUpgrade Cost Scaling[2m > [22mshould scale upgrade costs with upgrade level and item level[32m 0[2mms[22m[39m
   [32mΓ£ô[39m Scaling and Upgrade Logic[2m > [22mUPGRADE_ITEM Action[2m > [22mshould increase all stats and item level[32m 2[2mms[22m[39m

ΓÄ»ΓÄ»ΓÄ»ΓÄ»ΓÄ»ΓÄ»ΓÄ» Failed Tests 1 ΓÄ»ΓÄ»ΓÄ»ΓÄ»ΓÄ»ΓÄ»ΓÄ»

 FAIL  tests/scaling-logic.test.ts > Scaling and Upgrade Logic > Forge Cost Scaling > should increase forge costs with character level
AssertionError: expected 535 to be greater than 688
 Γ¥» tests/scaling-logic.test.ts:41:36
     39|             const costLvl50 = calculateForgeCost('common', { attack: 1ΓÇª
     40|             
     41|             expect(costLvl50.gold).toBeGreaterThan(costLvl1.gold);
       |                                    ^
     42|             expect(costLvl50.materials[0].amount).toBeGreaterThan(costΓÇª
     43|         });

ΓÄ»ΓÄ»ΓÄ»ΓÄ»ΓÄ»ΓÄ»ΓÄ»ΓÄ»ΓÄ»ΓÄ»ΓÄ»ΓÄ»ΓÄ»ΓÄ»ΓÄ»ΓÄ»ΓÄ»ΓÄ»ΓÄ»ΓÄ»ΓÄ»ΓÄ»ΓÄ»ΓÄ»[1/1]ΓÄ»


[2m Test Files [22m [1m[31m1 failed[39m[22m[90m (1)[39m
[2m      Tests [22m [1m[31m1 failed[39m[22m[2m | [22m[1m[32m4 passed[39m[22m[90m (5)[39m
[2m   Start at [22m 20:51:50
[2m   Duration [22m 675ms[2m (transform 175ms, setup 0ms, collect 267ms, tests 10ms, environment 0ms, prepare 145ms)[22m

